Traceback (most recent call last):
  File "/home/ubuntu/babylm-poincare-structformer/utils/logging_utils.py", line 25, in init_tensorboard
    from torch.utils.tensorboard import SummaryWriter
  File "/home/ubuntu/babylm-poincare-structformer/bb-env/lib/python3.10/site-packages/torch/utils/tensorboard/__init__.py", line 1, in <module>
    import tensorboard
ModuleNotFoundError: No module named 'tensorboard'

During handling of the above exception, another exception occurred:

Traceback (most recent call last):
  File "/home/ubuntu/babylm-poincare-structformer/scripts/train.py", line 244, in <module>
    main()
  File "/home/ubuntu/babylm-poincare-structformer/scripts/train.py", line 134, in main
    tb_writer = init_tensorboard() if args.use_tensorboard else None
  File "/home/ubuntu/babylm-poincare-structformer/utils/logging_utils.py", line 27, in init_tensorboard
    raise ImportError("TensorBoard not available. Install with `pip install tensorboard torch`.")
ImportError: TensorBoard not available. Install with `pip install tensorboard torch`.
